<?xml version='1.0' encoding='UTF-8'?>
<dataset>
    <t01p01status tranid="tran001" status="status01" retry="103" processtime="20170101020304000000" />
</dataset>