<?xml version='1.0' encoding='UTF-8'?>
<dataset>
    <t01p01status tranid="testTranId2" status="status2" retry="101" processtime="20181231010203450011" />
</dataset>