<?xml version="1.0" encoding="UTF-8"?>
<dataset>
	<t_business_processor_status_p0
		transaction_id="1000001"
		business_process_name="businessprocess1" create_user="1" retry_count="0" />
	<t_business_processor_status_p0
		transaction_id="1000002"
		business_process_name="businessprocess2" create_user="2" retry_count="1" />
</dataset>